2026-07-29 19:26:31,601 - aqt.helper - DEBUG - helper 35948 Attempt to download checksum at https://download.qt.io/online/qtsdkrepository/windows_x86/desktop/qt6_6103/qt6_6103/Updates.xml.sha256
2026-07-29 19:26:38,887 - aqt.main - INFO - installer 31608 aqtinstall(aqt) v3.3.0 on Python 3.12.10 [CPython MSC v.1943 64 bit (AMD64)]
2026-07-29 19:26:38,887 - aqt.helper - DEBUG - helper 31608 Attempt to download checksum at https://download.qt.io/online/qtsdkrepository/windows_x86/desktop/qt6_6103/qt6_6103/Updates.xml.sha256
2026-07-29 19:26:39,622 - aqt.helper - DEBUG - helper 31608 Attempt to download checksum at https://download.qt.io/online/qtsdkrepository/windows_x86/extensions/qtwebengine/6103/msvc2022_64/Updates.xml.sha256
2026-07-29 19:26:40,274 - aqt.archives - INFO - archives 31608 Found extension qtwebengine
2026-07-29 19:26:40,274 - aqt.helper - DEBUG - helper 31608 Attempt to download checksum at https://download.qt.io/online/qtsdkrepository/windows_x86/extensions/qtpdf/6103/msvc2022_64/Updates.xml.sha256
2026-07-29 19:26:40,950 - aqt.archives - INFO - archives 31608 Found extension qtpdf
2026-07-29 19:26:41,502 - aqt.helper - DEBUG - helper 49920 Attempt to download checksum at https://download.qt.io/online/qtsdkrepository/windows_x86/desktop/qt6_6103/qt6_6103/qt.qt6.6103.win64_msvc2022_64/6.10.3-0-202603310407qtbase-Windows-Windows_11_24H2-MSVC2022-Windows-Windows_11_24H2-X86_64.7z.sha256
2026-07-29 19:26:41,502 - aqt.helper - DEBUG - helper 49332 Attempt to download checksum at https://download.qt.io/online/qtsdkrepository/windows_x86/desktop/qt6_6103/qt6_6103/qt.qt6.6103.win64_msvc2022_64/6.10.3-0-202603310407qtdeclarative-Windows-Windows_11_24H2-MSVC2022-Windows-Windows_11_24H2-X86_64.7z.sha256
2026-07-29 19:26:41,502 - aqt.helper - DEBUG - helper 49140 Attempt to download checksum at https://download.qt.io/online/qtsdkrepository/windows_x86/desktop/qt6_6103/qt6_6103/qt.qt6.6103.win64_msvc2022_64/6.10.3-0-202603310407qtsvg-Windows-Windows_11_24H2-MSVC2022-Windows-Windows_11_24H2-X86_64.7z.sha256
2026-07-29 19:26:41,508 - aqt.helper - DEBUG - helper 22236 Attempt to download checksum at https://download.qt.io/online/qtsdkrepository/windows_x86/desktop/qt6_6103/qt6_6103/qt.qt6.6103.win64_msvc2022_64/6.10.3-0-202603310407qttools-Windows-Windows_11_24H2-MSVC2022-Windows-Windows_11_24H2-X86_64.7z.sha256
2026-07-29 19:26:41,906 - aqt.helper - INFO - helper 49332 Downloading qtdeclarative...
2026-07-29 19:26:41,907 - aqt.helper - INFO - helper 22236 Downloading qttools...
2026-07-29 19:26:41,906 - aqt.installer - DEBUG - installer 49332 Download URL: https://download.qt.io/online/qtsdkrepository/windows_x86/desktop/qt6_6103/qt6_6103/qt.qt6.6103.win64_msvc2022_64/6.10.3-0-202603310407qtdeclarative-Windows-Windows_11_24H2-MSVC2022-Windows-Windows_11_24H2-X86_64.7z
2026-07-29 19:26:41,907 - aqt.installer - DEBUG - installer 22236 Download URL: https://download.qt.io/online/qtsdkrepository/windows_x86/desktop/qt6_6103/qt6_6103/qt.qt6.6103.win64_msvc2022_64/6.10.3-0-202603310407qttools-Windows-Windows_11_24H2-MSVC2022-Windows-Windows_11_24H2-X86_64.7z
2026-07-29 19:26:41,914 - aqt.helper - INFO - helper 49920 Downloading qtbase...
2026-07-29 19:26:41,914 - aqt.installer - DEBUG - installer 49920 Download URL: https://download.qt.io/online/qtsdkrepository/windows_x86/desktop/qt6_6103/qt6_6103/qt.qt6.6103.win64_msvc2022_64/6.10.3-0-202603310407qtbase-Windows-Windows_11_24H2-MSVC2022-Windows-Windows_11_24H2-X86_64.7z
2026-07-29 19:26:41,915 - aqt.helper - INFO - helper 49140 Downloading qtsvg...
2026-07-29 19:26:41,915 - aqt.installer - DEBUG - installer 49140 Download URL: https://download.qt.io/online/qtsdkrepository/windows_x86/desktop/qt6_6103/qt6_6103/qt.qt6.6103.win64_msvc2022_64/6.10.3-0-202603310407qtsvg-Windows-Windows_11_24H2-MSVC2022-Windows-Windows_11_24H2-X86_64.7z
2026-07-29 19:26:42,298 - aqt.helper - DEBUG - helper 49332 Asked to redirect(302) to: https://ftp.fau.de/qtproject/online/qtsdkrepository/windows_x86/desktop/qt6_6103/qt6_6103/qt.qt6.6103.win64_msvc2022_64/6.10.3-0-202603310407qtdeclarative-Windows-Windows_11_24H2-MSVC2022-Windows-Windows_11_24H2-X86_64.7z
2026-07-29 19:26:42,299 - aqt.helper - INFO - helper 49332 Redirected: ftp.fau.de
2026-07-29 19:26:42,317 - aqt.helper - DEBUG - helper 49140 Asked to redirect(302) to: https://ftp.fau.de/qtproject/online/qtsdkrepository/windows_x86/desktop/qt6_6103/qt6_6103/qt.qt6.6103.win64_msvc2022_64/6.10.3-0-202603310407qtsvg-Windows-Windows_11_24H2-MSVC2022-Windows-Windows_11_24H2-X86_64.7z
2026-07-29 19:26:42,317 - aqt.helper - INFO - helper 49140 Redirected: ftp.fau.de
2026-07-29 19:26:42,326 - aqt.helper - DEBUG - helper 22236 Asked to redirect(302) to: https://ftp.fau.de/qtproject/online/qtsdkrepository/windows_x86/desktop/qt6_6103/qt6_6103/qt.qt6.6103.win64_msvc2022_64/6.10.3-0-202603310407qttools-Windows-Windows_11_24H2-MSVC2022-Windows-Windows_11_24H2-X86_64.7z
2026-07-29 19:26:42,326 - aqt.helper - INFO - helper 22236 Redirected: ftp.fau.de
2026-07-29 19:26:42,343 - aqt.helper - DEBUG - helper 49920 Asked to redirect(302) to: https://ftp.fau.de/qtproject/online/qtsdkrepository/windows_x86/desktop/qt6_6103/qt6_6103/qt.qt6.6103.win64_msvc2022_64/6.10.3-0-202603310407qtbase-Windows-Windows_11_24H2-MSVC2022-Windows-Windows_11_24H2-X86_64.7z
2026-07-29 19:26:42,343 - aqt.helper - INFO - helper 49920 Redirected: ftp.fau.de
2026-07-29 19:26:42,806 - aqt.installer - INFO - installer 49140 Finished installation of qtsvg-Windows-Windows_11_24H2-MSVC2022-Windows-Windows_11_24H2-X86_64.7z in 1.30595300
2026-07-29 19:26:42,814 - aqt.helper - DEBUG - helper 49140 Attempt to download checksum at https://download.qt.io/online/qtsdkrepository/windows_x86/desktop/qt6_6103/qt6_6103/qt.qt6.6103.win64_msvc2022_64/6.10.3-0-202603310407qttranslations-Windows-Windows_11_24H2-MSVC2022-Windows-Windows_11_24H2-X86_64.7z.sha256
2026-07-29 19:26:43,142 - aqt.helper - INFO - helper 49140 Downloading qttranslations...
2026-07-29 19:26:43,142 - aqt.installer - DEBUG - installer 49140 Download URL: https://download.qt.io/online/qtsdkrepository/windows_x86/desktop/qt6_6103/qt6_6103/qt.qt6.6103.win64_msvc2022_64/6.10.3-0-202603310407qttranslations-Windows-Windows_11_24H2-MSVC2022-Windows-Windows_11_24H2-X86_64.7z
2026-07-29 19:26:43,494 - aqt.helper - DEBUG - helper 49140 Asked to redirect(302) to: https://ftp.fau.de/qtproject/online/qtsdkrepository/windows_x86/desktop/qt6_6103/qt6_6103/qt.qt6.6103.win64_msvc2022_64/6.10.3-0-202603310407qttranslations-Windows-Windows_11_24H2-MSVC2022-Windows-Windows_11_24H2-X86_64.7z
2026-07-29 19:26:43,494 - aqt.helper - INFO - helper 49140 Redirected: ftp.fau.de
2026-07-29 19:26:44,162 - aqt.installer - INFO - installer 49140 Finished installation of qttranslations-Windows-Windows_11_24H2-MSVC2022-Windows-Windows_11_24H2-X86_64.7z in 1.34794800
2026-07-29 19:26:44,171 - aqt.helper - DEBUG - helper 49140 Attempt to download checksum at https://download.qt.io/online/qtsdkrepository/windows_x86/desktop/qt6_6103/qt6_6103/qt.qt6.6103.win64_msvc2022_64/6.10.3-0-202603310407d3dcompiler_47-x64.7z.sha256
2026-07-29 19:26:44,536 - aqt.helper - INFO - helper 49140 Downloading d3dcompiler_47...
2026-07-29 19:26:44,536 - aqt.installer - DEBUG - installer 49140 Download URL: https://download.qt.io/online/qtsdkrepository/windows_x86/desktop/qt6_6103/qt6_6103/qt.qt6.6103.win64_msvc2022_64/6.10.3-0-202603310407d3dcompiler_47-x64.7z
2026-07-29 19:26:44,676 - aqt.installer - INFO - installer 22236 Finished installation of qttools-Windows-Windows_11_24H2-MSVC2022-Windows-Windows_11_24H2-X86_64.7z in 3.17004080
2026-07-29 19:26:44,687 - aqt.helper - DEBUG - helper 22236 Attempt to download checksum at https://download.qt.io/online/qtsdkrepository/windows_x86/desktop/qt6_6103/qt6_6103/qt.qt6.6103.win64_msvc2022_64/6.10.3-0-202603310407opengl32sw-64-mesa_11_2_2-signed_sha256.7z.sha256
2026-07-29 19:26:44,901 - aqt.helper - DEBUG - helper 49140 Asked to redirect(302) to: https://ftp.fau.de/qtproject/online/qtsdkrepository/windows_x86/desktop/qt6_6103/qt6_6103/qt.qt6.6103.win64_msvc2022_64/6.10.3-0-202603310407d3dcompiler_47-x64.7z
2026-07-29 19:26:44,902 - aqt.helper - INFO - helper 49140 Redirected: ftp.fau.de
2026-07-29 19:26:45,040 - aqt.helper - INFO - helper 22236 Downloading opengl32sw...
2026-07-29 19:26:45,040 - aqt.installer - DEBUG - installer 22236 Download URL: https://download.qt.io/online/qtsdkrepository/windows_x86/desktop/qt6_6103/qt6_6103/qt.qt6.6103.win64_msvc2022_64/6.10.3-0-202603310407opengl32sw-64-mesa_11_2_2-signed_sha256.7z
2026-07-29 19:26:45,243 - aqt.installer - INFO - installer 49140 Finished installation of d3dcompiler_47-x64.7z in 1.07428390
2026-07-29 19:26:45,395 - aqt.helper - DEBUG - helper 22236 Asked to redirect(302) to: https://ftp.fau.de/qtproject/online/qtsdkrepository/windows_x86/desktop/qt6_6103/qt6_6103/qt.qt6.6103.win64_msvc2022_64/6.10.3-0-202603310407opengl32sw-64-mesa_11_2_2-signed_sha256.7z
2026-07-29 19:26:45,395 - aqt.helper - INFO - helper 22236 Redirected: ftp.fau.de
2026-07-29 19:26:45,971 - aqt.installer - INFO - installer 22236 Finished installation of opengl32sw-64-mesa_11_2_2-signed_sha256.7z in 1.28588090
2026-07-29 19:26:49,159 - aqt.installer - INFO - installer 49920 Finished installation of qtbase-Windows-Windows_11_24H2-MSVC2022-Windows-Windows_11_24H2-X86_64.7z in 7.65878330
2026-07-29 19:27:00,037 - aqt.installer - INFO - installer 49332 Finished installation of qtdeclarative-Windows-Windows_11_24H2-MSVC2022-Windows-Windows_11_24H2-X86_64.7z in 18.53720090
2026-07-29 19:27:00,158 - aqt.updater - INFO - updater 31608 Patching C:\Qt\6.10.3\msvc2022_64\bin\qmake.exe
2026-07-29 19:27:00,161 - aqt.updater - INFO - updater 31608 Patching C:\Qt\6.10.3\msvc2022_64\lib\Qt6Concurrent.prl
2026-07-29 19:27:00,166 - aqt.updater - INFO - updater 31608 Patching C:\Qt\6.10.3\msvc2022_64\lib\Qt6Concurrentd.prl
2026-07-29 19:27:00,170 - aqt.updater - INFO - updater 31608 Patching C:\Qt\6.10.3\msvc2022_64\lib\Qt6Core.prl
2026-07-29 19:27:00,174 - aqt.updater - INFO - updater 31608 Patching C:\Qt\6.10.3\msvc2022_64\lib\Qt6Cored.prl
2026-07-29 19:27:00,178 - aqt.updater - INFO - updater 31608 Patching C:\Qt\6.10.3\msvc2022_64\lib\Qt6DBus.prl
2026-07-29 19:27:00,182 - aqt.updater - INFO - updater 31608 Patching C:\Qt\6.10.3\msvc2022_64\lib\Qt6DBusd.prl
2026-07-29 19:27:00,186 - aqt.updater - INFO - updater 31608 Patching C:\Qt\6.10.3\msvc2022_64\lib\Qt6Designer.prl
2026-07-29 19:27:00,190 - aqt.updater - INFO - updater 31608 Patching C:\Qt\6.10.3\msvc2022_64\lib\Qt6DesignerComponents.prl
2026-07-29 19:27:00,194 - aqt.updater - INFO - updater 31608 Patching C:\Qt\6.10.3\msvc2022_64\lib\Qt6DesignerComponentsd.prl
2026-07-29 19:27:00,199 - aqt.updater - INFO - updater 31608 Patching C:\Qt\6.10.3\msvc2022_64\lib\Qt6Designerd.prl
2026-07-29 19:27:00,203 - aqt.updater - INFO - updater 31608 Patching C:\Qt\6.10.3\msvc2022_64\lib\Qt6DeviceDiscoverySupport.prl
2026-07-29 19:27:00,213 - aqt.updater - INFO - updater 31608 Patching C:\Qt\6.10.3\msvc2022_64\lib\Qt6DeviceDiscoverySupportd.prl
2026-07-29 19:27:00,221 - aqt.updater - INFO - updater 31608 Patching C:\Qt\6.10.3\msvc2022_64\lib\Qt6EntryPoint.prl
2026-07-29 19:27:00,226 - aqt.updater - INFO - updater 31608 Patching C:\Qt\6.10.3\msvc2022_64\lib\Qt6EntryPointd.prl
2026-07-29 19:27:00,234 - aqt.updater - INFO - updater 31608 Patching C:\Qt\6.10.3\msvc2022_64\lib\Qt6ExampleIcons.prl
2026-07-29 19:27:00,240 - aqt.updater - INFO - updater 31608 Patching C:\Qt\6.10.3\msvc2022_64\lib\Qt6ExampleIconsd.prl
2026-07-29 19:27:00,245 - aqt.updater - INFO - updater 31608 Patching C:\Qt\6.10.3\msvc2022_64\lib\Qt6ExamplesAssetDownloader.prl
2026-07-29 19:27:00,249 - aqt.updater - INFO - updater 31608 Patching C:\Qt\6.10.3\msvc2022_64\lib\Qt6ExamplesAssetDownloaderd.prl
2026-07-29 19:27:00,254 - aqt.updater - INFO - updater 31608 Patching C:\Qt\6.10.3\msvc2022_64\lib\Qt6FbSupport.prl
2026-07-29 19:27:00,259 - aqt.updater - INFO - updater 31608 Patching C:\Qt\6.10.3\msvc2022_64\lib\Qt6FbSupportd.prl
2026-07-29 19:27:00,263 - aqt.updater - INFO - updater 31608 Patching C:\Qt\6.10.3\msvc2022_64\lib\Qt6Gui.prl
2026-07-29 19:27:00,269 - aqt.updater - INFO - updater 31608 Patching C:\Qt\6.10.3\msvc2022_64\lib\Qt6Guid.prl
2026-07-29 19:27:00,274 - aqt.updater - INFO - updater 31608 Patching C:\Qt\6.10.3\msvc2022_64\lib\Qt6Help.prl
2026-07-29 19:27:00,278 - aqt.updater - INFO - updater 31608 Patching C:\Qt\6.10.3\msvc2022_64\lib\Qt6Helpd.prl
2026-07-29 19:27:00,282 - aqt.updater - INFO - updater 31608 Patching C:\Qt\6.10.3\msvc2022_64\lib\Qt6LabsAnimation.prl
2026-07-29 19:27:00,287 - aqt.updater - INFO - updater 31608 Patching C:\Qt\6.10.3\msvc2022_64\lib\Qt6LabsAnimationd.prl
2026-07-29 19:27:00,293 - aqt.updater - INFO - updater 31608 Patching C:\Qt\6.10.3\msvc2022_64\lib\Qt6LabsFolderListModel.prl
2026-07-29 19:27:00,297 - aqt.updater - INFO - updater 31608 Patching C:\Qt\6.10.3\msvc2022_64\lib\Qt6LabsFolderListModeld.prl
2026-07-29 19:27:00,301 - aqt.updater - INFO - updater 31608 Patching C:\Qt\6.10.3\msvc2022_64\lib\Qt6LabsPlatform.prl
2026-07-29 19:27:00,305 - aqt.updater - INFO - updater 31608 Patching C:\Qt\6.10.3\msvc2022_64\lib\Qt6LabsPlatformd.prl
2026-07-29 19:27:00,309 - aqt.updater - INFO - updater 31608 Patching C:\Qt\6.10.3\msvc2022_64\lib\Qt6LabsQmlModels.prl
2026-07-29 19:27:00,313 - aqt.updater - INFO - updater 31608 Patching C:\Qt\6.10.3\msvc2022_64\lib\Qt6LabsQmlModelsd.prl
2026-07-29 19:27:00,317 - aqt.updater - INFO - updater 31608 Patching C:\Qt\6.10.3\msvc2022_64\lib\Qt6LabsSettings.prl
2026-07-29 19:27:00,322 - aqt.updater - INFO - updater 31608 Patching C:\Qt\6.10.3\msvc2022_64\lib\Qt6LabsSettingsd.prl
2026-07-29 19:27:00,325 - aqt.updater - INFO - updater 31608 Patching C:\Qt\6.10.3\msvc2022_64\lib\Qt6LabsSharedImage.prl
2026-07-29 19:27:00,330 - aqt.updater - INFO - updater 31608 Patching C:\Qt\6.10.3\msvc2022_64\lib\Qt6LabsSharedImaged.prl
2026-07-29 19:27:00,334 - aqt.updater - INFO - updater 31608 Patching C:\Qt\6.10.3\msvc2022_64\lib\Qt6LabsSynchronizer.prl
2026-07-29 19:27:00,338 - aqt.updater - INFO - updater 31608 Patching C:\Qt\6.10.3\msvc2022_64\lib\Qt6LabsSynchronizerd.prl
2026-07-29 19:27:00,342 - aqt.updater - INFO - updater 31608 Patching C:\Qt\6.10.3\msvc2022_64\lib\Qt6LabsWavefrontMesh.prl
2026-07-29 19:27:00,348 - aqt.updater - INFO - updater 31608 Patching C:\Qt\6.10.3\msvc2022_64\lib\Qt6LabsWavefrontMeshd.prl
2026-07-29 19:27:00,352 - aqt.updater - INFO - updater 31608 Patching C:\Qt\6.10.3\msvc2022_64\lib\Qt6Network.prl
2026-07-29 19:27:00,356 - aqt.updater - INFO - updater 31608 Patching C:\Qt\6.10.3\msvc2022_64\lib\Qt6Networkd.prl
2026-07-29 19:27:00,360 - aqt.updater - INFO - updater 31608 Patching C:\Qt\6.10.3\msvc2022_64\lib\Qt6OpenGL.prl
2026-07-29 19:27:00,365 - aqt.updater - INFO - updater 31608 Patching C:\Qt\6.10.3\msvc2022_64\lib\Qt6OpenGLd.prl
2026-07-29 19:27:00,369 - aqt.updater - INFO - updater 31608 Patching C:\Qt\6.10.3\msvc2022_64\lib\Qt6OpenGLWidgets.prl
2026-07-29 19:27:00,373 - aqt.updater - INFO - updater 31608 Patching C:\Qt\6.10.3\msvc2022_64\lib\Qt6OpenGLWidgetsd.prl
2026-07-29 19:27:00,387 - aqt.updater - INFO - updater 31608 Patching C:\Qt\6.10.3\msvc2022_64\lib\Qt6PacketProtocol.prl
2026-07-29 19:27:00,390 - aqt.updater - INFO - updater 31608 Patching C:\Qt\6.10.3\msvc2022_64\lib\Qt6PacketProtocold.prl
2026-07-29 19:27:00,413 - aqt.updater - INFO - updater 31608 Patching C:\Qt\6.10.3\msvc2022_64\lib\Qt6PrintSupport.prl
2026-07-29 19:27:00,417 - aqt.updater - INFO - updater 31608 Patching C:\Qt\6.10.3\msvc2022_64\lib\Qt6PrintSupportd.prl
2026-07-29 19:27:00,422 - aqt.updater - INFO - updater 31608 Patching C:\Qt\6.10.3\msvc2022_64\lib\Qt6Qml.prl
2026-07-29 19:27:00,428 - aqt.updater - INFO - updater 31608 Patching C:\Qt\6.10.3\msvc2022_64\lib\Qt6QmlAssetDownloader.prl
2026-07-29 19:27:00,432 - aqt.updater - INFO - updater 31608 Patching C:\Qt\6.10.3\msvc2022_64\lib\Qt6QmlAssetDownloaderd.prl
2026-07-29 19:27:00,436 - aqt.updater - INFO - updater 31608 Patching C:\Qt\6.10.3\msvc2022_64\lib\Qt6QmlCompiler.prl
2026-07-29 19:27:00,442 - aqt.updater - INFO - updater 31608 Patching C:\Qt\6.10.3\msvc2022_64\lib\Qt6QmlCompilerd.prl
2026-07-29 19:27:00,447 - aqt.updater - INFO - updater 31608 Patching C:\Qt\6.10.3\msvc2022_64\lib\Qt6QmlCore.prl
2026-07-29 19:27:00,452 - aqt.updater - INFO - updater 31608 Patching C:\Qt\6.10.3\msvc2022_64\lib\Qt6QmlCored.prl
2026-07-29 19:27:00,456 - aqt.updater - INFO - updater 31608 Patching C:\Qt\6.10.3\msvc2022_64\lib\Qt6Qmld.prl
2026-07-29 19:27:00,460 - aqt.updater - INFO - updater 31608 Patching C:\Qt\6.10.3\msvc2022_64\lib\Qt6QmlDebug.prl
2026-07-29 19:27:00,464 - aqt.updater - INFO - updater 31608 Patching C:\Qt\6.10.3\msvc2022_64\lib\Qt6QmlDebugd.prl
2026-07-29 19:27:00,469 - aqt.updater - INFO - updater 31608 Patching C:\Qt\6.10.3\msvc2022_64\lib\Qt6QmlDom.prl
2026-07-29 19:27:00,473 - aqt.updater - INFO - updater 31608 Patching C:\Qt\6.10.3\msvc2022_64\lib\Qt6QmlDomd.prl
2026-07-29 19:27:00,477 - aqt.updater - INFO - updater 31608 Patching C:\Qt\6.10.3\msvc2022_64\lib\Qt6QmlFormat.prl
2026-07-29 19:27:00,481 - aqt.updater - INFO - updater 31608 Patching C:\Qt\6.10.3\msvc2022_64\lib\Qt6QmlFormatd.prl
2026-07-29 19:27:00,486 - aqt.updater - INFO - updater 31608 Patching C:\Qt\6.10.3\msvc2022_64\lib\Qt6QmlLocalStorage.prl
2026-07-29 19:27:00,490 - aqt.updater - INFO - updater 31608 Patching C:\Qt\6.10.3\msvc2022_64\lib\Qt6QmlLocalStoraged.prl
2026-07-29 19:27:00,494 - aqt.updater - INFO - updater 31608 Patching C:\Qt\6.10.3\msvc2022_64\lib\Qt6QmlLS.prl
2026-07-29 19:27:00,498 - aqt.updater - INFO - updater 31608 Patching C:\Qt\6.10.3\msvc2022_64\lib\Qt6QmlLSd.prl
2026-07-29 19:27:00,502 - aqt.updater - INFO - updater 31608 Patching C:\Qt\6.10.3\msvc2022_64\lib\Qt6QmlMeta.prl
2026-07-29 19:27:00,506 - aqt.updater - INFO - updater 31608 Patching C:\Qt\6.10.3\msvc2022_64\lib\Qt6QmlMetad.prl
2026-07-29 19:27:00,510 - aqt.updater - INFO - updater 31608 Patching C:\Qt\6.10.3\msvc2022_64\lib\Qt6QmlModels.prl
2026-07-29 19:27:00,514 - aqt.updater - INFO - updater 31608 Patching C:\Qt\6.10.3\msvc2022_64\lib\Qt6QmlModelsd.prl
2026-07-29 19:27:00,519 - aqt.updater - INFO - updater 31608 Patching C:\Qt\6.10.3\msvc2022_64\lib\Qt6QmlNetwork.prl
2026-07-29 19:27:00,523 - aqt.updater - INFO - updater 31608 Patching C:\Qt\6.10.3\msvc2022_64\lib\Qt6QmlNetworkd.prl
2026-07-29 19:27:00,527 - aqt.updater - INFO - updater 31608 Patching C:\Qt\6.10.3\msvc2022_64\lib\Qt6QmlToolingSettings.prl
2026-07-29 19:27:00,532 - aqt.updater - INFO - updater 31608 Patching C:\Qt\6.10.3\msvc2022_64\lib\Qt6QmlToolingSettingsd.prl
2026-07-29 19:27:00,536 - aqt.updater - INFO - updater 31608 Patching C:\Qt\6.10.3\msvc2022_64\lib\Qt6QmlTypeRegistrar.prl
2026-07-29 19:27:00,540 - aqt.updater - INFO - updater 31608 Patching C:\Qt\6.10.3\msvc2022_64\lib\Qt6QmlTypeRegistrard.prl
2026-07-29 19:27:00,544 - aqt.updater - INFO - updater 31608 Patching C:\Qt\6.10.3\msvc2022_64\lib\Qt6QmlWorkerScript.prl
2026-07-29 19:27:00,549 - aqt.updater - INFO - updater 31608 Patching C:\Qt\6.10.3\msvc2022_64\lib\Qt6QmlWorkerScriptd.prl
2026-07-29 19:27:00,553 - aqt.updater - INFO - updater 31608 Patching C:\Qt\6.10.3\msvc2022_64\lib\Qt6QmlXmlListModel.prl
2026-07-29 19:27:00,557 - aqt.updater - INFO - updater 31608 Patching C:\Qt\6.10.3\msvc2022_64\lib\Qt6QmlXmlListModeld.prl
2026-07-29 19:27:00,561 - aqt.updater - INFO - updater 31608 Patching C:\Qt\6.10.3\msvc2022_64\lib\Qt6Quick.prl
2026-07-29 19:27:00,565 - aqt.updater - INFO - updater 31608 Patching C:\Qt\6.10.3\msvc2022_64\lib\Qt6QuickControls2.prl
2026-07-29 19:27:00,570 - aqt.updater - INFO - updater 31608 Patching C:\Qt\6.10.3\msvc2022_64\lib\Qt6QuickControls2Basic.prl
2026-07-29 19:27:00,574 - aqt.updater - INFO - updater 31608 Patching C:\Qt\6.10.3\msvc2022_64\lib\Qt6QuickControls2Basicd.prl
2026-07-29 19:27:00,579 - aqt.updater - INFO - updater 31608 Patching C:\Qt\6.10.3\msvc2022_64\lib\Qt6QuickControls2BasicStyleImpl.prl
2026-07-29 19:27:00,582 - aqt.updater - INFO - updater 31608 Patching C:\Qt\6.10.3\msvc2022_64\lib\Qt6QuickControls2BasicStyleImpld.prl
2026-07-29 19:27:00,587 - aqt.updater - INFO - updater 31608 Patching C:\Qt\6.10.3\msvc2022_64\lib\Qt6QuickControls2d.prl
2026-07-29 19:27:00,590 - aqt.updater - INFO - updater 31608 Patching C:\Qt\6.10.3\msvc2022_64\lib\Qt6QuickControls2FluentWinUI3StyleImpl.prl
2026-07-29 19:27:00,595 - aqt.updater - INFO - updater 31608 Patching C:\Qt\6.10.3\msvc2022_64\lib\Qt6QuickControls2FluentWinUI3StyleImpld.prl
2026-07-29 19:27:00,599 - aqt.updater - INFO - updater 31608 Patching C:\Qt\6.10.3\msvc2022_64\lib\Qt6QuickControls2Fusion.prl
2026-07-29 19:27:00,603 - aqt.updater - INFO - updater 31608 Patching C:\Qt\6.10.3\msvc2022_64\lib\Qt6QuickControls2Fusiond.prl
2026-07-29 19:27:00,608 - aqt.updater - INFO - updater 31608 Patching C:\Qt\6.10.3\msvc2022_64\lib\Qt6QuickControls2FusionStyleImpl.prl
2026-07-29 19:27:00,612 - aqt.updater - INFO - updater 31608 Patching C:\Qt\6.10.3\msvc2022_64\lib\Qt6QuickControls2FusionStyleImpld.prl
2026-07-29 19:27:00,617 - aqt.updater - INFO - updater 31608 Patching C:\Qt\6.10.3\msvc2022_64\lib\Qt6QuickControls2Imagine.prl
2026-07-29 19:27:00,621 - aqt.updater - INFO - updater 31608 Patching C:\Qt\6.10.3\msvc2022_64\lib\Qt6QuickControls2Imagined.prl
2026-07-29 19:27:00,625 - aqt.updater - INFO - updater 31608 Patching C:\Qt\6.10.3\msvc2022_64\lib\Qt6QuickControls2ImagineStyleImpl.prl
2026-07-29 19:27:00,629 - aqt.updater - INFO - updater 31608 Patching C:\Qt\6.10.3\msvc2022_64\lib\Qt6QuickControls2ImagineStyleImpld.prl
2026-07-29 19:27:00,633 - aqt.updater - INFO - updater 31608 Patching C:\Qt\6.10.3\msvc2022_64\lib\Qt6QuickControls2Impl.prl
2026-07-29 19:27:00,638 - aqt.updater - INFO - updater 31608 Patching C:\Qt\6.10.3\msvc2022_64\lib\Qt6QuickControls2Impld.prl
2026-07-29 19:27:00,643 - aqt.updater - INFO - updater 31608 Patching C:\Qt\6.10.3\msvc2022_64\lib\Qt6QuickControls2Material.prl
2026-07-29 19:27:00,647 - aqt.updater - INFO - updater 31608 Patching C:\Qt\6.10.3\msvc2022_64\lib\Qt6QuickControls2Materiald.prl
2026-07-29 19:27:00,651 - aqt.updater - INFO - updater 31608 Patching C:\Qt\6.10.3\msvc2022_64\lib\Qt6QuickControls2MaterialStyleImpl.prl
2026-07-29 19:27:00,656 - aqt.updater - INFO - updater 31608 Patching C:\Qt\6.10.3\msvc2022_64\lib\Qt6QuickControls2MaterialStyleImpld.prl
2026-07-29 19:27:00,661 - aqt.updater - INFO - updater 31608 Patching C:\Qt\6.10.3\msvc2022_64\lib\Qt6QuickControls2Universal.prl
2026-07-29 19:27:00,666 - aqt.updater - INFO - updater 31608 Patching C:\Qt\6.10.3\msvc2022_64\lib\Qt6QuickControls2Universald.prl
2026-07-29 19:27:00,670 - aqt.updater - INFO - updater 31608 Patching C:\Qt\6.10.3\msvc2022_64\lib\Qt6QuickControls2UniversalStyleImpl.prl
2026-07-29 19:27:00,675 - aqt.updater - INFO - updater 31608 Patching C:\Qt\6.10.3\msvc2022_64\lib\Qt6QuickControls2UniversalStyleImpld.prl
2026-07-29 19:27:00,680 - aqt.updater - INFO - updater 31608 Patching C:\Qt\6.10.3\msvc2022_64\lib\Qt6QuickControls2WindowsStyleImpl.prl
2026-07-29 19:27:00,684 - aqt.updater - INFO - updater 31608 Patching C:\Qt\6.10.3\msvc2022_64\lib\Qt6QuickControls2WindowsStyleImpld.prl
2026-07-29 19:27:00,688 - aqt.updater - INFO - updater 31608 Patching C:\Qt\6.10.3\msvc2022_64\lib\Qt6QuickControlsTestUtils.prl
2026-07-29 19:27:00,694 - aqt.updater - INFO - updater 31608 Patching C:\Qt\6.10.3\msvc2022_64\lib\Qt6QuickControlsTestUtilsd.prl
2026-07-29 19:27:00,699 - aqt.updater - INFO - updater 31608 Patching C:\Qt\6.10.3\msvc2022_64\lib\Qt6Quickd.prl
2026-07-29 19:27:00,703 - aqt.updater - INFO - updater 31608 Patching C:\Qt\6.10.3\msvc2022_64\lib\Qt6QuickDialogs2.prl
2026-07-29 19:27:00,708 - aqt.updater - INFO - updater 31608 Patching C:\Qt\6.10.3\msvc2022_64\lib\Qt6QuickDialogs2d.prl
2026-07-29 19:27:00,712 - aqt.updater - INFO - updater 31608 Patching C:\Qt\6.10.3\msvc2022_64\lib\Qt6QuickDialogs2QuickImpl.prl
2026-07-29 19:27:00,716 - aqt.updater - INFO - updater 31608 Patching C:\Qt\6.10.3\msvc2022_64\lib\Qt6QuickDialogs2QuickImpld.prl
2026-07-29 19:27:00,720 - aqt.updater - INFO - updater 31608 Patching C:\Qt\6.10.3\msvc2022_64\lib\Qt6QuickDialogs2Utils.prl
2026-07-29 19:27:00,724 - aqt.updater - INFO - updater 31608 Patching C:\Qt\6.10.3\msvc2022_64\lib\Qt6QuickDialogs2Utilsd.prl
2026-07-29 19:27:00,728 - aqt.updater - INFO - updater 31608 Patching C:\Qt\6.10.3\msvc2022_64\lib\Qt6QuickEffects.prl
2026-07-29 19:27:00,733 - aqt.updater - INFO - updater 31608 Patching C:\Qt\6.10.3\msvc2022_64\lib\Qt6QuickEffectsd.prl
2026-07-29 19:27:00,737 - aqt.updater - INFO - updater 31608 Patching C:\Qt\6.10.3\msvc2022_64\lib\Qt6QuickLayouts.prl
2026-07-29 19:27:00,742 - aqt.updater - INFO - updater 31608 Patching C:\Qt\6.10.3\msvc2022_64\lib\Qt6QuickLayoutsd.prl
2026-07-29 19:27:00,746 - aqt.updater - INFO - updater 31608 Patching C:\Qt\6.10.3\msvc2022_64\lib\Qt6QuickParticles.prl
2026-07-29 19:27:00,751 - aqt.updater - INFO - updater 31608 Patching C:\Qt\6.10.3\msvc2022_64\lib\Qt6QuickParticlesd.prl
2026-07-29 19:27:00,754 - aqt.updater - INFO - updater 31608 Patching C:\Qt\6.10.3\msvc2022_64\lib\Qt6QuickShapes.prl
2026-07-29 19:27:00,758 - aqt.updater - INFO - updater 31608 Patching C:\Qt\6.10.3\msvc2022_64\lib\Qt6QuickShapesd.prl
2026-07-29 19:27:00,762 - aqt.updater - INFO - updater 31608 Patching C:\Qt\6.10.3\msvc2022_64\lib\Qt6QuickShapesDesignHelpers.prl
2026-07-29 19:27:00,766 - aqt.updater - INFO - updater 31608 Patching C:\Qt\6.10.3\msvc2022_64\lib\Qt6QuickShapesDesignHelpersd.prl
2026-07-29 19:27:00,770 - aqt.updater - INFO - updater 31608 Patching C:\Qt\6.10.3\msvc2022_64\lib\Qt6QuickTemplates2.prl
2026-07-29 19:27:00,774 - aqt.updater - INFO - updater 31608 Patching C:\Qt\6.10.3\msvc2022_64\lib\Qt6QuickTemplates2d.prl
2026-07-29 19:27:00,778 - aqt.updater - INFO - updater 31608 Patching C:\Qt\6.10.3\msvc2022_64\lib\Qt6QuickTest.prl
2026-07-29 19:27:00,783 - aqt.updater - INFO - updater 31608 Patching C:\Qt\6.10.3\msvc2022_64\lib\Qt6QuickTestd.prl
2026-07-29 19:27:00,788 - aqt.updater - INFO - updater 31608 Patching C:\Qt\6.10.3\msvc2022_64\lib\Qt6QuickTestUtils.prl
2026-07-29 19:27:00,792 - aqt.updater - INFO - updater 31608 Patching C:\Qt\6.10.3\msvc2022_64\lib\Qt6QuickTestUtilsd.prl
2026-07-29 19:27:00,797 - aqt.updater - INFO - updater 31608 Patching C:\Qt\6.10.3\msvc2022_64\lib\Qt6QuickVectorImage.prl
2026-07-29 19:27:00,801 - aqt.updater - INFO - updater 31608 Patching C:\Qt\6.10.3\msvc2022_64\lib\Qt6QuickVectorImaged.prl
2026-07-29 19:27:00,805 - aqt.updater - INFO - updater 31608 Patching C:\Qt\6.10.3\msvc2022_64\lib\Qt6QuickVectorImageGenerator.prl
2026-07-29 19:27:00,809 - aqt.updater - INFO - updater 31608 Patching C:\Qt\6.10.3\msvc2022_64\lib\Qt6QuickVectorImageGeneratord.prl
2026-07-29 19:27:00,814 - aqt.updater - INFO - updater 31608 Patching C:\Qt\6.10.3\msvc2022_64\lib\Qt6QuickVectorImageHelpers.prl
2026-07-29 19:27:00,819 - aqt.updater - INFO - updater 31608 Patching C:\Qt\6.10.3\msvc2022_64\lib\Qt6QuickVectorImageHelpersd.prl
2026-07-29 19:27:00,823 - aqt.updater - INFO - updater 31608 Patching C:\Qt\6.10.3\msvc2022_64\lib\Qt6QuickWidgets.prl
2026-07-29 19:27:00,826 - aqt.updater - INFO - updater 31608 Patching C:\Qt\6.10.3\msvc2022_64\lib\Qt6QuickWidgetsd.prl
2026-07-29 19:27:00,831 - aqt.updater - INFO - updater 31608 Patching C:\Qt\6.10.3\msvc2022_64\lib\Qt6Sql.prl
2026-07-29 19:27:00,835 - aqt.updater - INFO - updater 31608 Patching C:\Qt\6.10.3\msvc2022_64\lib\Qt6Sqld.prl
2026-07-29 19:27:00,839 - aqt.updater - INFO - updater 31608 Patching C:\Qt\6.10.3\msvc2022_64\lib\Qt6Svg.prl
2026-07-29 19:27:00,844 - aqt.updater - INFO - updater 31608 Patching C:\Qt\6.10.3\msvc2022_64\lib\Qt6Svgd.prl
2026-07-29 19:27:00,848 - aqt.updater - INFO - updater 31608 Patching C:\Qt\6.10.3\msvc2022_64\lib\Qt6SvgWidgets.prl
2026-07-29 19:27:00,852 - aqt.updater - INFO - updater 31608 Patching C:\Qt\6.10.3\msvc2022_64\lib\Qt6SvgWidgetsd.prl
2026-07-29 19:27:00,856 - aqt.updater - INFO - updater 31608 Patching C:\Qt\6.10.3\msvc2022_64\lib\Qt6Test.prl
2026-07-29 19:27:00,860 - aqt.updater - INFO - updater 31608 Patching C:\Qt\6.10.3\msvc2022_64\lib\Qt6Testd.prl
2026-07-29 19:27:00,863 - aqt.updater - INFO - updater 31608 Patching C:\Qt\6.10.3\msvc2022_64\lib\Qt6UiTools.prl
2026-07-29 19:27:00,868 - aqt.updater - INFO - updater 31608 Patching C:\Qt\6.10.3\msvc2022_64\lib\Qt6UiToolsd.prl
2026-07-29 19:27:00,872 - aqt.updater - INFO - updater 31608 Patching C:\Qt\6.10.3\msvc2022_64\lib\Qt6Widgets.prl
2026-07-29 19:27:00,876 - aqt.updater - INFO - updater 31608 Patching C:\Qt\6.10.3\msvc2022_64\lib\Qt6Widgetsd.prl
2026-07-29 19:27:00,880 - aqt.updater - INFO - updater 31608 Patching C:\Qt\6.10.3\msvc2022_64\lib\Qt6Xml.prl
2026-07-29 19:27:00,884 - aqt.updater - INFO - updater 31608 Patching C:\Qt\6.10.3\msvc2022_64\lib\Qt6Xmld.prl
2026-07-29 19:27:00,889 - aqt.main - INFO - installer 31608 Finished installation
2026-07-29 19:27:00,889 - aqt.main - INFO - installer 31608 Time elapsed: 22.00235850 second
